{
  "fgf_mixed_0-25ng": {
    "rows": 870,
    "cells": 87,
    "origins": 10,
    "rmse": {
      "P": 0.04067240439125178,
      "C": 0.03811008041306553,
      "O": 0.03651656070393234,
      "M": 0.03484696250896557,
      "H": 0.03486167588903097
    }
  },
  "fgf_mixed_25ng": {
    "rows": 840,
    "cells": 84,
    "origins": 10,
    "rmse": {
      "P": 0.03357112409993644,
      "C": 0.031209482169891695,
      "O": 0.029201040327981258,
      "M": 0.036031396869579055,
      "H": 0.035809903184470075
    }
  }
}
