{
  "rmse": {
    "2": {
      "validation": {
        "P": 0.01372,
        "C": 0.01413,
        "O": 0.01372,
        "M": 0.01334,
        "H": 0.01335,
        "C+clock": 0.01416,
        "O+clock": 0.01372,
        "M+clock": 0.01334,
        "H+clock": 0.01336
      },
      "test_new_protocol": {
        "P": 0.01302,
        "C": 0.01342,
        "O": 0.01283,
        "M": 0.01263,
        "H": 0.0126,
        "C+clock": 0.01341,
        "O+clock": 0.01283,
        "M+clock": 0.01263,
        "H+clock": 0.0126
      },
      "test_new_protocol_inferred_timing": {
        "P": 0.01431,
        "C": 0.01412,
        "O": 0.01392,
        "M": 0.0136,
        "H": 0.01375,
        "C+clock": 0.01407,
        "O+clock": 0.01392,
        "M+clock": 0.0136,
        "H+clock": 0.01379
      },
      "test_new_concentration_same_session": {
        "P": 0.01431,
        "C": 0.01439,
        "O": 0.0143,
        "M": 0.01399,
        "H": 0.01401,
        "C+clock": 0.01433,
        "O+clock": 0.01433,
        "M+clock": 0.01399,
        "H+clock": 0.01424
      },
      "viewed_reference": {
        "P": 0.01588,
        "C": 0.01575,
        "O": 0.01543,
        "M": 0.01495,
        "H": 0.01504,
        "C+clock": 0.01569,
        "O+clock": 0.01546,
        "M+clock": 0.01495,
        "H+clock": 0.01511
      }
    },
    "10": {
      "validation": {
        "P": 0.02353,
        "C": 0.02503,
        "O": 0.02403,
        "M": 0.02197,
        "H": 0.02195,
        "C+clock": 0.02532,
        "O+clock": 0.02402,
        "M+clock": 0.02198,
        "H+clock": 0.02198
      },
      "test_new_protocol": {
        "P": 0.02287,
        "C": 0.02442,
        "O": 0.0222,
        "M": 0.0212,
        "H": 0.02098,
        "C+clock": 0.02457,
        "O+clock": 0.02226,
        "M+clock": 0.02121,
        "H+clock": 0.021
      },
      "test_new_protocol_inferred_timing": {
        "P": 0.02651,
        "C": 0.02715,
        "O": 0.02715,
        "M": 0.02448,
        "H": 0.02439,
        "C+clock": 0.02709,
        "O+clock": 0.02709,
        "M+clock": 0.02438,
        "H+clock": 0.02449
      },
      "test_new_concentration_same_session": {
        "P": 0.02876,
        "C": 0.02825,
        "O": 0.02827,
        "M": 0.02658,
        "H": 0.02656,
        "C+clock": 0.02779,
        "O+clock": 0.02808,
        "M+clock": 0.02658,
        "H+clock": 0.02718
      },
      "viewed_reference": {
        "P": 0.03105,
        "C": 0.02947,
        "O": 0.0283,
        "M": 0.02493,
        "H": 0.02516,
        "C+clock": 0.02899,
        "O+clock": 0.02808,
        "M+clock": 0.02492,
        "H+clock": 0.02512
      }
    }
  },
  "lopo": {
    "fgf_sus": {
      "P": 0.02183,
      "C": 0.02127,
      "O": 0.02102,
      "M": 0.01969,
      "H": 0.01941
    },
    "fgf_3_20": {
      "P": 0.04076,
      "C": 0.04043,
      "O": 0.0368,
      "M": 0.02886,
      "H": 0.0283
    },
    "fgf_sp_5": {
      "P": 0.02353,
      "C": 0.02283,
      "O": 0.02243,
      "M": 0.02153,
      "H": 0.02139
    },
    "fgf_sp_10": {
      "P": 0.02287,
      "C": 0.02217,
      "O": 0.02084,
      "M": 0.02106,
      "H": 0.02104
    },
    "fgf_sp_60": {
      "P": 0.02651,
      "C": 0.02761,
      "O": 0.02701,
      "M": 0.0241,
      "H": 0.02369
    },
    "fgf_mixed_new": {
      "P": 0.02876,
      "C": 0.02724,
      "O": 0.02709,
      "M": 0.02623,
      "H": 0.0261
    }
  },
  "decision": {
    "H_beats_M_test_A": true,
    "H_beats_M_lopo_folds": 6,
    "n_folds": 6,
    "input_history_reported_as_contribution": true
  }
}
