{
  "status": "passed",
  "protocol_sha256": "6e610e9b3b8aa4d1178e945d7d16c35c42bb65ea1160818bdbc0783272e63f42",
  "equivalence": {
    "max_abs_difference": 0.0
  },
  "causality": {
    "ema_past_only": true,
    "history_past_only": true
  },
  "fallback": {
    "fallback": true
  },
  "leakage": {
    "evaluation_labels_flipped": true,
    "choices_unchanged": true
  },
  "recomputation": {
    "max_abs_difference": 0.0
  },
  "weight_degeneracy": {
    "decision_min": 90.0,
    "median_effective_sample_size": {
      "0": 1.1342638484323846,
      "0.005": 28.913213152624632
    }
  },
  "scope": "Simulation of the published B3 model; not evidence about measured cells."
}
